<html>
<body>
<pre>
<h1>礦ision Build Log</h1>
<h2>Tool Versions:</h2>
IDE-Version: μVision V5.24.2.0
Copyright (C) 2017 ARM Ltd and ARM Germany GmbH. All rights reserved.
License Information: Chi Zhang, CSU, LIC=32B12-9DW46-45MT5-GGZ06-TX5RT-JSU3Q
 
Tool Versions:
Toolchain:       MDK-ARM Plus  Version: 5.24.1
Toolchain Path:  D:\software\keil5\ARM\ARMCC\Bin
C Compiler:      Armcc.exe V5.06 update 5 (build 528)
Assembler:       Armasm.exe V5.06 update 5 (build 528)
Linker/Locator:  ArmLink.exe V5.06 update 5 (build 528)
Library Manager: ArmAr.exe V5.06 update 5 (build 528)
Hex Converter:   FromElf.exe V5.06 update 5 (build 528)
CPU DLL:         SARMCM3.DLL V5.24.1
Dialog DLL:      DCM.DLL V1.16.0.0
Target DLL:      STLink\ST-LINKIII-KEIL_SWO.dll V3.0.1.0
Dialog DLL:      TCM.DLL V1.32.0.0
 
<h2>Project:</h2>
D:\学习\AGV\Github\AGV_smartCar\USER\Minibalance.uvprojx
Project File Date:  09/22/2017

<h2>Output:</h2>
*** Using Compiler 'V5.06 update 5 (build 528)', folder: 'D:\software\keil5\ARM\ARMCC\Bin'
Rebuild target 'Target 1'
assembling startup_stm32f10x_hd.s...
compiling Minibalance.c...
compiling delay.c...
..\SYSTEM\delay\delay.c(11): warning:  #550-D: variable "fac_ms"  was set but never used
  static u16 fac_ms=0;//ms延时倍乘数,在ucos下,代表每个节拍的ms数
..\SYSTEM\delay\delay.c: 1 warning, 0 errors
compiling sys.c...
compiling usart.c...
compiling LED.C...
compiling key.c...
compiling adc.c...
compiling oled.c...
compiling motor.c...
compiling encoder.c...
compiling IOI2C.c...
compiling exti.c...
compiling stmflash.c...
compiling can.c...
compiling usartx.c...
compiling control.c...
..\BALANCE\CONTROL\control.c(503): warning:  #1-D: last line of file ends without a newline
  }
..\BALANCE\CONTROL\control.c: 1 warning, 0 errors
compiling inv_mpu.c...
compiling inv_mpu_dmp_motion_driver.c...
compiling filter.c...
compiling DataScope_DP.C...
compiling MPU6050.c...
compiling show.c...
linking...
Program Size: Code=49822 RO-data=7066 RW-data=556 ZI-data=3980  
FromELF: creating hex file...
"..\OBJ\Minibalance.axf" - 0 Error(s), 2 Warning(s).

<h2>Software Packages used:</h2>

Package Vendor: ARM
                http://www.keil.com/pack/ARM.CMSIS.5.0.1.pack
                ARM.CMSIS.5.0.1
                CMSIS (Cortex Microcontroller Software Interface Standard)
   * Component: CORE Version: 5.0.1

Package Vendor: Keil
                http://www.keil.com/pack/Keil.STM32F1xx_DFP.1.1.0.pack
                Keil.STM32F1xx_DFP.1.1.0
                STMicroelectronics STM32F1 Series Device Support, Drivers and Examples

<h2>Collection of Component include folders:</h2>
  .\RTE\_Target_1
  D:\software\keil5\ARM\PACK\ARM\CMSIS\5.0.1\CMSIS\Include
  D:\software\keil5\ARM\PACK\Keil\STM32F1xx_DFP\1.1.0\Device\Include

<h2>Collection of Component Files used:</h2>

   * Component: ARM::CMSIS:CORE:5.0.1
Build Time Elapsed:  00:00:04
</pre>
</body>
</html>
